{"activePrimaryShardsCluster":10,"activeShardsCluster":30,"cluster.dataNodes":3,"cluster.nodes":6,"cluster.status":"yellow","displayName":"es6-dev-cluster","entityName":"cluster:es6-dev-cluster","event_type":"ElasticsearchClusterSample","shards.initializing":0,"shards.relocating":0,"shards.unassigned":7}